// Jest Snapshot v1, https://goo.gl/fbAQLP

exports[`Loading renders correctly 1`] = `
<div
  className="Loading"
>
  <img
    data-testid="loading-img"
    src="loading.gif"
  />
</div>
`;
